app/about-us/page.tsx(170,26): error TS2322: Type '{ hidden: { opacity: number; y: number; }; visible: { opacity: number; y: number; transition: { duration: number; ease: string; }; }; }' is not assignable to type 'Variants'.
  Property 'visible' is incompatible with index signature.
    Type '{ opacity: number; y: number; transition: { duration: number; ease: string; }; }' is not assignable to type 'Variant'.
      Type '{ opacity: number; y: number; transition: { duration: number; ease: string; }; }' is not assignable to type 'TargetAndTransition'.
        Type '{ opacity: number; y: number; transition: { duration: number; ease: string; }; }' is not assignable to type '{ transition?: Transition<any> | undefined; transitionEnd?: ResolvedValues$1 | undefined; }'.
          Types of property 'transition' are incompatible.
            Type '{ duration: number; ease: string; }' is not assignable to type 'Transition<any> | undefined'.
              Type '{ duration: number; ease: string; }' is not assignable to type 'TransitionWithValueOverrides<any>'.
                Type '{ duration: number; ease: string; }' is not assignable to type 'ValueAnimationTransition<any>'.
                  Types of property 'ease' are incompatible.
                    Type 'string' is not assignable to type 'Easing | Easing[] | undefined'.
app/about-us/page.tsx(174,27): error TS2322: Type '{ hidden: { opacity: number; y: number; }; visible: { opacity: number; y: number; transition: { duration: number; ease: string; }; }; }' is not assignable to type 'Variants'.
  Property 'visible' is incompatible with index signature.
    Type '{ opacity: number; y: number; transition: { duration: number; ease: string; }; }' is not assignable to type 'Variant'.
      Type '{ opacity: number; y: number; transition: { duration: number; ease: string; }; }' is not assignable to type 'TargetAndTransition'.
        Type '{ opacity: number; y: number; transition: { duration: number; ease: string; }; }' is not assignable to type '{ transition?: Transition<any> | undefined; transitionEnd?: ResolvedValues$1 | undefined; }'.
          Types of property 'transition' are incompatible.
            Type '{ duration: number; ease: string; }' is not assignable to type 'Transition<any> | undefined'.
              Type '{ duration: number; ease: string; }' is not assignable to type 'TransitionWithValueOverrides<any>'.
                Type '{ duration: number; ease: string; }' is not assignable to type 'ValueAnimationTransition<any>'.
                  Types of property 'ease' are incompatible.
                    Type 'string' is not assignable to type 'Easing | Easing[] | undefined'.
app/about-us/page.tsx(180,27): error TS2322: Type '{ hidden: { opacity: number; y: number; }; visible: { opacity: number; y: number; transition: { duration: number; ease: string; }; }; }' is not assignable to type 'Variants'.
  Property 'visible' is incompatible with index signature.
    Type '{ opacity: number; y: number; transition: { duration: number; ease: string; }; }' is not assignable to type 'Variant'.
      Type '{ opacity: number; y: number; transition: { duration: number; ease: string; }; }' is not assignable to type 'TargetAndTransition'.
        Type '{ opacity: number; y: number; transition: { duration: number; ease: string; }; }' is not assignable to type '{ transition?: Transition<any> | undefined; transitionEnd?: ResolvedValues$1 | undefined; }'.
          Types of property 'transition' are incompatible.
            Type '{ duration: number; ease: string; }' is not assignable to type 'Transition<any> | undefined'.
              Type '{ duration: number; ease: string; }' is not assignable to type 'TransitionWithValueOverrides<any>'.
                Type '{ duration: number; ease: string; }' is not assignable to type 'ValueAnimationTransition<any>'.
                  Types of property 'ease' are incompatible.
                    Type 'string' is not assignable to type 'Easing | Easing[] | undefined'.
app/about-us/page.tsx(188,27): error TS2322: Type '{ hidden: { opacity: number; y: number; }; visible: { opacity: number; y: number; transition: { duration: number; ease: string; }; }; }' is not assignable to type 'Variants'.
  Property 'visible' is incompatible with index signature.
    Type '{ opacity: number; y: number; transition: { duration: number; ease: string; }; }' is not assignable to type 'Variant'.
      Type '{ opacity: number; y: number; transition: { duration: number; ease: string; }; }' is not assignable to type 'TargetAndTransition'.
        Type '{ opacity: number; y: number; transition: { duration: number; ease: string; }; }' is not assignable to type '{ transition?: Transition<any> | undefined; transitionEnd?: ResolvedValues$1 | undefined; }'.
          Types of property 'transition' are incompatible.
            Type '{ duration: number; ease: string; }' is not assignable to type 'Transition<any> | undefined'.
              Type '{ duration: number; ease: string; }' is not assignable to type 'TransitionWithValueOverrides<any>'.
                Type '{ duration: number; ease: string; }' is not assignable to type 'ValueAnimationTransition<any>'.
                  Types of property 'ease' are incompatible.
                    Type 'string' is not assignable to type 'Easing | Easing[] | undefined'.
app/about-us/page.tsx(193,27): error TS2322: Type '{ hidden: { opacity: number; y: number; }; visible: { opacity: number; y: number; transition: { duration: number; ease: string; }; }; }' is not assignable to type 'Variants'.
  Property 'visible' is incompatible with index signature.
    Type '{ opacity: number; y: number; transition: { duration: number; ease: string; }; }' is not assignable to type 'Variant'.
      Type '{ opacity: number; y: number; transition: { duration: number; ease: string; }; }' is not assignable to type 'TargetAndTransition'.
        Type '{ opacity: number; y: number; transition: { duration: number; ease: string; }; }' is not assignable to type '{ transition?: Transition<any> | undefined; transitionEnd?: ResolvedValues$1 | undefined; }'.
          Types of property 'transition' are incompatible.
            Type '{ duration: number; ease: string; }' is not assignable to type 'Transition<any> | undefined'.
              Type '{ duration: number; ease: string; }' is not assignable to type 'TransitionWithValueOverrides<any>'.
                Type '{ duration: number; ease: string; }' is not assignable to type 'ValueAnimationTransition<any>'.
                  Types of property 'ease' are incompatible.
                    Type 'string' is not assignable to type 'Easing | Easing[] | undefined'.
app/about-us/page.tsx(197,29): error TS2322: Type '{ hidden: { opacity: number; y: number; }; visible: { opacity: number; y: number; transition: { duration: number; ease: string; }; }; }' is not assignable to type 'Variants'.
  Property 'visible' is incompatible with index signature.
    Type '{ opacity: number; y: number; transition: { duration: number; ease: string; }; }' is not assignable to type 'Variant'.
      Type '{ opacity: number; y: number; transition: { duration: number; ease: string; }; }' is not assignable to type 'TargetAndTransition'.
        Type '{ opacity: number; y: number; transition: { duration: number; ease: string; }; }' is not assignable to type '{ transition?: Transition<any> | undefined; transitionEnd?: ResolvedValues$1 | undefined; }'.
          Types of property 'transition' are incompatible.
            Type '{ duration: number; ease: string; }' is not assignable to type 'Transition<any> | undefined'.
              Type '{ duration: number; ease: string; }' is not assignable to type 'TransitionWithValueOverrides<any>'.
                Type '{ duration: number; ease: string; }' is not assignable to type 'ValueAnimationTransition<any>'.
                  Types of property 'ease' are incompatible.
                    Type 'string' is not assignable to type 'Easing | Easing[] | undefined'.
app/about-us/page.tsx(252,24): error TS2322: Type '{ hidden: { opacity: number; y: number; }; visible: { opacity: number; y: number; transition: { duration: number; ease: string; }; }; }' is not assignable to type 'Variants'.
  Property 'visible' is incompatible with index signature.
    Type '{ opacity: number; y: number; transition: { duration: number; ease: string; }; }' is not assignable to type 'Variant'.
      Type '{ opacity: number; y: number; transition: { duration: number; ease: string; }; }' is not assignable to type 'TargetAndTransition'.
        Type '{ opacity: number; y: number; transition: { duration: number; ease: string; }; }' is not assignable to type '{ transition?: Transition<any> | undefined; transitionEnd?: ResolvedValues$1 | undefined; }'.
          Types of property 'transition' are incompatible.
            Type '{ duration: number; ease: string; }' is not assignable to type 'Transition<any> | undefined'.
              Type '{ duration: number; ease: string; }' is not assignable to type 'TransitionWithValueOverrides<any>'.
                Type '{ duration: number; ease: string; }' is not assignable to type 'ValueAnimationTransition<any>'.
                  Types of property 'ease' are incompatible.
                    Type 'string' is not assignable to type 'Easing | Easing[] | undefined'.
app/about-us/page.tsx(255,23): error TS2322: Type '{ hidden: { opacity: number; y: number; }; visible: { opacity: number; y: number; transition: { duration: number; ease: string; }; }; }' is not assignable to type 'Variants'.
  Property 'visible' is incompatible with index signature.
    Type '{ opacity: number; y: number; transition: { duration: number; ease: string; }; }' is not assignable to type 'Variant'.
      Type '{ opacity: number; y: number; transition: { duration: number; ease: string; }; }' is not assignable to type 'TargetAndTransition'.
        Type '{ opacity: number; y: number; transition: { duration: number; ease: string; }; }' is not assignable to type '{ transition?: Transition<any> | undefined; transitionEnd?: ResolvedValues$1 | undefined; }'.
          Types of property 'transition' are incompatible.
            Type '{ duration: number; ease: string; }' is not assignable to type 'Transition<any> | undefined'.
              Type '{ duration: number; ease: string; }' is not assignable to type 'TransitionWithValueOverrides<any>'.
                Type '{ duration: number; ease: string; }' is not assignable to type 'ValueAnimationTransition<any>'.
                  Types of property 'ease' are incompatible.
                    Type 'string' is not assignable to type 'Easing | Easing[] | undefined'.
app/about-us/page.tsx(274,19): error TS2322: Type '{ hidden: { opacity: number; y: number; }; visible: { opacity: number; y: number; transition: { duration: number; ease: string; }; }; }' is not assignable to type 'Variants'.
  Property 'visible' is incompatible with index signature.
    Type '{ opacity: number; y: number; transition: { duration: number; ease: string; }; }' is not assignable to type 'Variant'.
      Type '{ opacity: number; y: number; transition: { duration: number; ease: string; }; }' is not assignable to type 'TargetAndTransition'.
        Type '{ opacity: number; y: number; transition: { duration: number; ease: string; }; }' is not assignable to type '{ transition?: Transition<any> | undefined; transitionEnd?: ResolvedValues$1 | undefined; }'.
          Types of property 'transition' are incompatible.
            Type '{ duration: number; ease: string; }' is not assignable to type 'Transition<any> | undefined'.
              Type '{ duration: number; ease: string; }' is not assignable to type 'TransitionWithValueOverrides<any>'.
                Type '{ duration: number; ease: string; }' is not assignable to type 'ValueAnimationTransition<any>'.
                  Types of property 'ease' are incompatible.
                    Type 'string' is not assignable to type 'Easing | Easing[] | undefined'.
app/about-us/page.tsx(317,24): error TS2322: Type '{ hidden: { opacity: number; y: number; }; visible: { opacity: number; y: number; transition: { duration: number; ease: string; }; }; }' is not assignable to type 'Variants'.
  Property 'visible' is incompatible with index signature.
    Type '{ opacity: number; y: number; transition: { duration: number; ease: string; }; }' is not assignable to type 'Variant'.
      Type '{ opacity: number; y: number; transition: { duration: number; ease: string; }; }' is not assignable to type 'TargetAndTransition'.
        Type '{ opacity: number; y: number; transition: { duration: number; ease: string; }; }' is not assignable to type '{ transition?: Transition<any> | undefined; transitionEnd?: ResolvedValues$1 | undefined; }'.
          Types of property 'transition' are incompatible.
            Type '{ duration: number; ease: string; }' is not assignable to type 'Transition<any> | undefined'.
              Type '{ duration: number; ease: string; }' is not assignable to type 'TransitionWithValueOverrides<any>'.
                Type '{ duration: number; ease: string; }' is not assignable to type 'ValueAnimationTransition<any>'.
                  Types of property 'ease' are incompatible.
                    Type 'string' is not assignable to type 'Easing | Easing[] | undefined'.
app/about-us/page.tsx(320,23): error TS2322: Type '{ hidden: { opacity: number; y: number; }; visible: { opacity: number; y: number; transition: { duration: number; ease: string; }; }; }' is not assignable to type 'Variants'.
  Property 'visible' is incompatible with index signature.
    Type '{ opacity: number; y: number; transition: { duration: number; ease: string; }; }' is not assignable to type 'Variant'.
      Type '{ opacity: number; y: number; transition: { duration: number; ease: string; }; }' is not assignable to type 'TargetAndTransition'.
        Type '{ opacity: number; y: number; transition: { duration: number; ease: string; }; }' is not assignable to type '{ transition?: Transition<any> | undefined; transitionEnd?: ResolvedValues$1 | undefined; }'.
          Types of property 'transition' are incompatible.
            Type '{ duration: number; ease: string; }' is not assignable to type 'Transition<any> | undefined'.
              Type '{ duration: number; ease: string; }' is not assignable to type 'TransitionWithValueOverrides<any>'.
                Type '{ duration: number; ease: string; }' is not assignable to type 'ValueAnimationTransition<any>'.
                  Types of property 'ease' are incompatible.
                    Type 'string' is not assignable to type 'Easing | Easing[] | undefined'.
app/about-us/page.tsx(338,19): error TS2322: Type '{ hidden: { opacity: number; y: number; }; visible: { opacity: number; y: number; transition: { duration: number; ease: string; }; }; }' is not assignable to type 'Variants'.
  Property 'visible' is incompatible with index signature.
    Type '{ opacity: number; y: number; transition: { duration: number; ease: string; }; }' is not assignable to type 'Variant'.
      Type '{ opacity: number; y: number; transition: { duration: number; ease: string; }; }' is not assignable to type 'TargetAndTransition'.
        Type '{ opacity: number; y: number; transition: { duration: number; ease: string; }; }' is not assignable to type '{ transition?: Transition<any> | undefined; transitionEnd?: ResolvedValues$1 | undefined; }'.
          Types of property 'transition' are incompatible.
            Type '{ duration: number; ease: string; }' is not assignable to type 'Transition<any> | undefined'.
              Type '{ duration: number; ease: string; }' is not assignable to type 'TransitionWithValueOverrides<any>'.
                Type '{ duration: number; ease: string; }' is not assignable to type 'ValueAnimationTransition<any>'.
                  Types of property 'ease' are incompatible.
                    Type 'string' is not assignable to type 'Easing | Easing[] | undefined'.
app/about-us/page.tsx(403,24): error TS2322: Type '{ hidden: { opacity: number; y: number; }; visible: { opacity: number; y: number; transition: { duration: number; ease: string; }; }; }' is not assignable to type 'Variants'.
  Property 'visible' is incompatible with index signature.
    Type '{ opacity: number; y: number; transition: { duration: number; ease: string; }; }' is not assignable to type 'Variant'.
      Type '{ opacity: number; y: number; transition: { duration: number; ease: string; }; }' is not assignable to type 'TargetAndTransition'.
        Type '{ opacity: number; y: number; transition: { duration: number; ease: string; }; }' is not assignable to type '{ transition?: Transition<any> | undefined; transitionEnd?: ResolvedValues$1 | undefined; }'.
          Types of property 'transition' are incompatible.
            Type '{ duration: number; ease: string; }' is not assignable to type 'Transition<any> | undefined'.
              Type '{ duration: number; ease: string; }' is not assignable to type 'TransitionWithValueOverrides<any>'.
                Type '{ duration: number; ease: string; }' is not assignable to type 'ValueAnimationTransition<any>'.
                  Types of property 'ease' are incompatible.
                    Type 'string' is not assignable to type 'Easing | Easing[] | undefined'.
app/about-us/page.tsx(406,23): error TS2322: Type '{ hidden: { opacity: number; y: number; }; visible: { opacity: number; y: number; transition: { duration: number; ease: string; }; }; }' is not assignable to type 'Variants'.
  Property 'visible' is incompatible with index signature.
    Type '{ opacity: number; y: number; transition: { duration: number; ease: string; }; }' is not assignable to type 'Variant'.
      Type '{ opacity: number; y: number; transition: { duration: number; ease: string; }; }' is not assignable to type 'TargetAndTransition'.
        Type '{ opacity: number; y: number; transition: { duration: number; ease: string; }; }' is not assignable to type '{ transition?: Transition<any> | undefined; transitionEnd?: ResolvedValues$1 | undefined; }'.
          Types of property 'transition' are incompatible.
            Type '{ duration: number; ease: string; }' is not assignable to type 'Transition<any> | undefined'.
              Type '{ duration: number; ease: string; }' is not assignable to type 'TransitionWithValueOverrides<any>'.
                Type '{ duration: number; ease: string; }' is not assignable to type 'ValueAnimationTransition<any>'.
                  Types of property 'ease' are incompatible.
                    Type 'string' is not assignable to type 'Easing | Easing[] | undefined'.
app/about-us/page.tsx(424,19): error TS2322: Type '{ hidden: { opacity: number; y: number; }; visible: { opacity: number; y: number; transition: { duration: number; ease: string; }; }; }' is not assignable to type 'Variants'.
  Property 'visible' is incompatible with index signature.
    Type '{ opacity: number; y: number; transition: { duration: number; ease: string; }; }' is not assignable to type 'Variant'.
      Type '{ opacity: number; y: number; transition: { duration: number; ease: string; }; }' is not assignable to type 'TargetAndTransition'.
        Type '{ opacity: number; y: number; transition: { duration: number; ease: string; }; }' is not assignable to type '{ transition?: Transition<any> | undefined; transitionEnd?: ResolvedValues$1 | undefined; }'.
          Types of property 'transition' are incompatible.
            Type '{ duration: number; ease: string; }' is not assignable to type 'Transition<any> | undefined'.
              Type '{ duration: number; ease: string; }' is not assignable to type 'TransitionWithValueOverrides<any>'.
                Type '{ duration: number; ease: string; }' is not assignable to type 'ValueAnimationTransition<any>'.
                  Types of property 'ease' are incompatible.
                    Type 'string' is not assignable to type 'Easing | Easing[] | undefined'.
app/about-us/page.tsx(464,18): error TS2322: Type '{ hidden: { opacity: number; y: number; }; visible: { opacity: number; y: number; transition: { duration: number; ease: string; }; }; }' is not assignable to type 'Variants'.
  Property 'visible' is incompatible with index signature.
    Type '{ opacity: number; y: number; transition: { duration: number; ease: string; }; }' is not assignable to type 'Variant'.
      Type '{ opacity: number; y: number; transition: { duration: number; ease: string; }; }' is not assignable to type 'TargetAndTransition'.
        Type '{ opacity: number; y: number; transition: { duration: number; ease: string; }; }' is not assignable to type '{ transition?: Transition<any> | undefined; transitionEnd?: ResolvedValues$1 | undefined; }'.
          Types of property 'transition' are incompatible.
            Type '{ duration: number; ease: string; }' is not assignable to type 'Transition<any> | undefined'.
              Type '{ duration: number; ease: string; }' is not assignable to type 'TransitionWithValueOverrides<any>'.
                Type '{ duration: number; ease: string; }' is not assignable to type 'ValueAnimationTransition<any>'.
                  Types of property 'ease' are incompatible.
                    Type 'string' is not assignable to type 'Easing | Easing[] | undefined'.
app/about-us/page.tsx(467,17): error TS2322: Type '{ hidden: { opacity: number; y: number; }; visible: { opacity: number; y: number; transition: { duration: number; ease: string; }; }; }' is not assignable to type 'Variants'.
  Property 'visible' is incompatible with index signature.
    Type '{ opacity: number; y: number; transition: { duration: number; ease: string; }; }' is not assignable to type 'Variant'.
      Type '{ opacity: number; y: number; transition: { duration: number; ease: string; }; }' is not assignable to type 'TargetAndTransition'.
        Type '{ opacity: number; y: number; transition: { duration: number; ease: string; }; }' is not assignable to type '{ transition?: Transition<any> | undefined; transitionEnd?: ResolvedValues$1 | undefined; }'.
          Types of property 'transition' are incompatible.
            Type '{ duration: number; ease: string; }' is not assignable to type 'Transition<any> | undefined'.
              Type '{ duration: number; ease: string; }' is not assignable to type 'TransitionWithValueOverrides<any>'.
                Type '{ duration: number; ease: string; }' is not assignable to type 'ValueAnimationTransition<any>'.
                  Types of property 'ease' are incompatible.
                    Type 'string' is not assignable to type 'Easing | Easing[] | undefined'.
app/about-us/page.tsx(483,19): error TS2322: Type '{ hidden: { opacity: number; y: number; }; visible: { opacity: number; y: number; transition: { duration: number; ease: string; }; }; }' is not assignable to type 'Variants'.
  Property 'visible' is incompatible with index signature.
    Type '{ opacity: number; y: number; transition: { duration: number; ease: string; }; }' is not assignable to type 'Variant'.
      Type '{ opacity: number; y: number; transition: { duration: number; ease: string; }; }' is not assignable to type 'TargetAndTransition'.
        Type '{ opacity: number; y: number; transition: { duration: number; ease: string; }; }' is not assignable to type '{ transition?: Transition<any> | undefined; transitionEnd?: ResolvedValues$1 | undefined; }'.
          Types of property 'transition' are incompatible.
            Type '{ duration: number; ease: string; }' is not assignable to type 'Transition<any> | undefined'.
              Type '{ duration: number; ease: string; }' is not assignable to type 'TransitionWithValueOverrides<any>'.
                Type '{ duration: number; ease: string; }' is not assignable to type 'ValueAnimationTransition<any>'.
                  Types of property 'ease' are incompatible.
                    Type 'string' is not assignable to type 'Easing | Easing[] | undefined'.
app/about-us/page.tsx(499,19): error TS2322: Type '{ hidden: { opacity: number; y: number; }; visible: { opacity: number; y: number; transition: { duration: number; ease: string; }; }; }' is not assignable to type 'Variants'.
  Property 'visible' is incompatible with index signature.
    Type '{ opacity: number; y: number; transition: { duration: number; ease: string; }; }' is not assignable to type 'Variant'.
      Type '{ opacity: number; y: number; transition: { duration: number; ease: string; }; }' is not assignable to type 'TargetAndTransition'.
        Type '{ opacity: number; y: number; transition: { duration: number; ease: string; }; }' is not assignable to type '{ transition?: Transition<any> | undefined; transitionEnd?: ResolvedValues$1 | undefined; }'.
          Types of property 'transition' are incompatible.
            Type '{ duration: number; ease: string; }' is not assignable to type 'Transition<any> | undefined'.
              Type '{ duration: number; ease: string; }' is not assignable to type 'TransitionWithValueOverrides<any>'.
                Type '{ duration: number; ease: string; }' is not assignable to type 'ValueAnimationTransition<any>'.
                  Types of property 'ease' are incompatible.
                    Type 'string' is not assignable to type 'Easing | Easing[] | undefined'.
app/about-us/page.tsx(506,19): error TS2322: Type '{ hidden: { opacity: number; y: number; }; visible: { opacity: number; y: number; transition: { duration: number; ease: string; }; }; }' is not assignable to type 'Variants'.
  Property 'visible' is incompatible with index signature.
    Type '{ opacity: number; y: number; transition: { duration: number; ease: string; }; }' is not assignable to type 'Variant'.
      Type '{ opacity: number; y: number; transition: { duration: number; ease: string; }; }' is not assignable to type 'TargetAndTransition'.
        Type '{ opacity: number; y: number; transition: { duration: number; ease: string; }; }' is not assignable to type '{ transition?: Transition<any> | undefined; transitionEnd?: ResolvedValues$1 | undefined; }'.
          Types of property 'transition' are incompatible.
            Type '{ duration: number; ease: string; }' is not assignable to type 'Transition<any> | undefined'.
              Type '{ duration: number; ease: string; }' is not assignable to type 'TransitionWithValueOverrides<any>'.
                Type '{ duration: number; ease: string; }' is not assignable to type 'ValueAnimationTransition<any>'.
                  Types of property 'ease' are incompatible.
                    Type 'string' is not assignable to type 'Easing | Easing[] | undefined'.
app/admin/categories/page.tsx(113,19): error TS2345: Argument of type '{ name: string; slug: string; description: string; company: string; isActive: true; }' is not assignable to parameter of type 'SetStateAction<{ name: string; slug: string; description: string; company: string; parent: string; isActive: boolean; }>'.
  Property 'parent' is missing in type '{ name: string; slug: string; description: string; company: string; isActive: true; }' but required in type '{ name: string; slug: string; description: string; company: string; parent: string; isActive: boolean; }'.
app/admin/companies/[id]/new-arrivals/page.tsx(556,61): error TS2345: Argument of type 'string | Product' is not assignable to parameter of type 'string'.
  Type 'Product' is not assignable to type 'string'.
app/admin/companies/[id]/new-arrivals/page.tsx(828,49): error TS2322: Type 'string' is not assignable to type 'Product'.
app/admin/companies/page.tsx(666,71): error TS2339: Property 'shopByConcern' does not exist on type 'Company'.
app/admin/page.tsx(373,13): error TS2322: Type '{ date: string; label: string; }' is not assignable to type 'CompanyChartPoint'.
  Type '{ date: string; label: string; }' is not assignable to type 'Record<string, number>'.
    Property 'date' is incompatible with index signature.
      Type 'string' is not assignable to type 'number'.
app/api/admin/analytics/route.ts(162,43): error TS2339: Property 'createdAt' does not exist on type 'Schema<any, Model<any, any, any, any, any, any, any>, {}, {}, {}, {}, { timestamps: true; }, { orderNumber: string; items: DocumentArray<{ price?: number | null | undefined; quantity?: number | ... 1 more ... | undefined; product?: ObjectId | ... 1 more ... | undefined; selectedSize?: { ...; } | ... 1 more ... | und...'.
app/api/admin/analytics/route.ts(165,35): error TS2339: Property 'totalAmount' does not exist on type 'Schema<any, Model<any, any, any, any, any, any, any>, {}, {}, {}, {}, { timestamps: true; }, { orderNumber: string; items: DocumentArray<{ price?: number | null | undefined; quantity?: number | ... 1 more ... | undefined; product?: ObjectId | ... 1 more ... | undefined; selectedSize?: { ...; } | ... 1 more ... | und...'.
app/api/admin/analytics/route.ts(168,53): error TS2339: Property 'totalAmount' does not exist on type 'Schema<any, Model<any, any, any, any, any, any, any>, {}, {}, {}, {}, { timestamps: true; }, { orderNumber: string; items: DocumentArray<{ price?: number | null | undefined; quantity?: number | ... 1 more ... | undefined; product?: ObjectId | ... 1 more ... | undefined; selectedSize?: { ...; } | ... 1 more ... | und...'.
app/api/admin/analytics/route.ts(234,40): error TS2339: Property 'createdAt' does not exist on type 'Schema<any, Model<any, any, any, any, any, any, any>, {}, {}, {}, {}, { timestamps: true; }, { orderNumber: string; items: DocumentArray<{ price?: number | null | undefined; quantity?: number | ... 1 more ... | undefined; product?: ObjectId | ... 1 more ... | undefined; selectedSize?: { ...; } | ... 1 more ... | und...'.
app/api/admin/analytics/route.ts(238,43): error TS2339: Property 'totalAmount' does not exist on type 'Schema<any, Model<any, any, any, any, any, any, any>, {}, {}, {}, {}, { timestamps: true; }, { orderNumber: string; items: DocumentArray<{ price?: number | null | undefined; quantity?: number | ... 1 more ... | undefined; product?: ObjectId | ... 1 more ... | undefined; selectedSize?: { ...; } | ... 1 more ... | und...'.
app/api/admin/analytics/route.ts(240,47): error TS2339: Property 'totalAmount' does not exist on type 'Schema<any, Model<any, any, any, any, any, any, any>, {}, {}, {}, {}, { timestamps: true; }, { orderNumber: string; items: DocumentArray<{ price?: number | null | undefined; quantity?: number | ... 1 more ... | undefined; product?: ObjectId | ... 1 more ... | undefined; selectedSize?: { ...; } | ... 1 more ... | und...'.
app/api/admin/analytics/route.ts(242,28): error TS2339: Property 'user' does not exist on type 'Schema<any, Model<any, any, any, any, any, any, any>, {}, {}, {}, {}, { timestamps: true; }, { orderNumber: string; items: DocumentArray<{ price?: number | null | undefined; quantity?: number | ... 1 more ... | undefined; product?: ObjectId | ... 1 more ... | undefined; selectedSize?: { ...; } | ... 1 more ... | und...'.
app/api/admin/analytics/route.ts(242,46): error TS2339: Property 'user' does not exist on type 'Schema<any, Model<any, any, any, any, any, any, any>, {}, {}, {}, {}, { timestamps: true; }, { orderNumber: string; items: DocumentArray<{ price?: number | null | undefined; quantity?: number | ... 1 more ... | undefined; product?: ObjectId | ... 1 more ... | undefined; selectedSize?: { ...; } | ... 1 more ... | und...'.
app/api/admin/analytics/route.ts(242,81): error TS2339: Property 'user' does not exist on type 'Schema<any, Model<any, any, any, any, any, any, any>, {}, {}, {}, {}, { timestamps: true; }, { orderNumber: string; items: DocumentArray<{ price?: number | null | undefined; quantity?: number | ... 1 more ... | undefined; product?: ObjectId | ... 1 more ... | undefined; selectedSize?: { ...; } | ... 1 more ... | und...'.
app/api/admin/analytics/route.ts(246,39): error TS2339: Property 'totalAmount' does not exist on type 'Schema<any, Model<any, any, any, any, any, any, any>, {}, {}, {}, {}, { timestamps: true; }, { orderNumber: string; items: DocumentArray<{ price?: number | null | undefined; quantity?: number | ... 1 more ... | undefined; product?: ObjectId | ... 1 more ... | undefined; selectedSize?: { ...; } | ... 1 more ... | und...'.
app/api/admin/analytics/route.ts(248,68): error TS2339: Property 'totalAmount' does not exist on type 'Schema<any, Model<any, any, any, any, any, any, any>, {}, {}, {}, {}, { timestamps: true; }, { orderNumber: string; items: DocumentArray<{ price?: number | null | undefined; quantity?: number | ... 1 more ... | undefined; product?: ObjectId | ... 1 more ... | undefined; selectedSize?: { ...; } | ... 1 more ... | und...'.
app/api/admin/analytics/route.ts(251,27): error TS2339: Property 'shippingAddress' does not exist on type 'Schema<any, Model<any, any, any, any, any, any, any>, {}, {}, {}, {}, { timestamps: true; }, { orderNumber: string; items: DocumentArray<{ price?: number | null | undefined; quantity?: number | ... 1 more ... | undefined; product?: ObjectId | ... 1 more ... | undefined; selectedSize?: { ...; } | ... 1 more ... | und...'.
app/api/admin/analytics/route.ts(252,26): error TS2339: Property 'shippingAddress' does not exist on type 'Schema<any, Model<any, any, any, any, any, any, any>, {}, {}, {}, {}, { timestamps: true; }, { orderNumber: string; items: DocumentArray<{ price?: number | null | undefined; quantity?: number | ... 1 more ... | undefined; product?: ObjectId | ... 1 more ... | undefined; selectedSize?: { ...; } | ... 1 more ... | und...'.
app/api/admin/analytics/route.ts(258,37): error TS2339: Property 'totalAmount' does not exist on type 'Schema<any, Model<any, any, any, any, any, any, any>, {}, {}, {}, {}, { timestamps: true; }, { orderNumber: string; items: DocumentArray<{ price?: number | null | undefined; quantity?: number | ... 1 more ... | undefined; product?: ObjectId | ... 1 more ... | undefined; selectedSize?: { ...; } | ... 1 more ... | und...'.
app/api/admin/analytics/route.ts(260,42): error TS2339: Property 'totalAmount' does not exist on type 'Schema<any, Model<any, any, any, any, any, any, any>, {}, {}, {}, {}, { timestamps: true; }, { orderNumber: string; items: DocumentArray<{ price?: number | null | undefined; quantity?: number | ... 1 more ... | undefined; product?: ObjectId | ... 1 more ... | undefined; selectedSize?: { ...; } | ... 1 more ... | und...'.
app/api/admin/analytics/route.ts(266,42): error TS2339: Property 'totalAmount' does not exist on type 'Schema<any, Model<any, any, any, any, any, any, any>, {}, {}, {}, {}, { timestamps: true; }, { orderNumber: string; items: DocumentArray<{ price?: number | null | undefined; quantity?: number | ... 1 more ... | undefined; product?: ObjectId | ... 1 more ... | undefined; selectedSize?: { ...; } | ... 1 more ... | und...'.
app/api/admin/analytics/route.ts(268,78): error TS2339: Property 'totalAmount' does not exist on type 'Schema<any, Model<any, any, any, any, any, any, any>, {}, {}, {}, {}, { timestamps: true; }, { orderNumber: string; items: DocumentArray<{ price?: number | null | undefined; quantity?: number | ... 1 more ... | undefined; product?: ObjectId | ... 1 more ... | undefined; selectedSize?: { ...; } | ... 1 more ... | und...'.
app/api/admin/analytics/route.ts(274,78): error TS2339: Property 'totalAmount' does not exist on type 'Schema<any, Model<any, any, any, any, any, any, any>, {}, {}, {}, {}, { timestamps: true; }, { orderNumber: string; items: DocumentArray<{ price?: number | null | undefined; quantity?: number | ... 1 more ... | undefined; product?: ObjectId | ... 1 more ... | undefined; selectedSize?: { ...; } | ... 1 more ... | und...'.
app/api/admin/analytics/route.ts(279,28): error TS2339: Property 'totalAmount' does not exist on type 'Schema<any, Model<any, any, any, any, any, any, any>, {}, {}, {}, {}, { timestamps: true; }, { orderNumber: string; items: DocumentArray<{ price?: number | null | undefined; quantity?: number | ... 1 more ... | undefined; product?: ObjectId | ... 1 more ... | undefined; selectedSize?: { ...; } | ... 1 more ... | und...'.
app/api/admin/analytics/route.ts(283,42): error TS2339: Property 'totalAmount' does not exist on type 'Schema<any, Model<any, any, any, any, any, any, any>, {}, {}, {}, {}, { timestamps: true; }, { orderNumber: string; items: DocumentArray<{ price?: number | null | undefined; quantity?: number | ... 1 more ... | undefined; product?: ObjectId | ... 1 more ... | undefined; selectedSize?: { ...; } | ... 1 more ... | und...'.
app/api/admin/analytics/route.ts(287,32): error TS2339: Property 'items' does not exist on type 'Schema<any, Model<any, any, any, any, any, any, any>, {}, {}, {}, {}, { timestamps: true; }, { orderNumber: string; items: DocumentArray<{ price?: number | null | undefined; quantity?: number | ... 1 more ... | undefined; product?: ObjectId | ... 1 more ... | undefined; selectedSize?: { ...; } | ... 1 more ... | und...'.
app/api/admin/analytics/route.ts(372,32): error TS2339: Property 'items' does not exist on type 'Schema<any, Model<any, any, any, any, any, any, any>, {}, {}, {}, {}, { timestamps: true; }, { orderNumber: string; items: DocumentArray<{ price?: number | null | undefined; quantity?: number | ... 1 more ... | undefined; product?: ObjectId | ... 1 more ... | undefined; selectedSize?: { ...; } | ... 1 more ... | und...'.
app/api/admin/analytics/route.ts(569,28): error TS2339: Property 'paymentMethod' does not exist on type 'Schema<any, Model<any, any, any, any, any, any, any>, {}, {}, {}, {}, { timestamps: true; }, { orderNumber: string; items: DocumentArray<{ price?: number | null | undefined; quantity?: number | ... 1 more ... | undefined; product?: ObjectId | ... 1 more ... | undefined; selectedSize?: { ...; } | ... 1 more ... | und...'.
app/api/admin/analytics/route.ts(573,36): error TS2339: Property 'totalAmount' does not exist on type 'Schema<any, Model<any, any, any, any, any, any, any>, {}, {}, {}, {}, { timestamps: true; }, { orderNumber: string; items: DocumentArray<{ price?: number | null | undefined; quantity?: number | ... 1 more ... | undefined; product?: ObjectId | ... 1 more ... | undefined; selectedSize?: { ...; } | ... 1 more ... | und...'.
app/api/admin/analytics/route.ts(574,19): error TS2339: Property 'paymentStatus' does not exist on type 'Schema<any, Model<any, any, any, any, any, any, any>, {}, {}, {}, {}, { timestamps: true; }, { orderNumber: string; items: DocumentArray<{ price?: number | null | undefined; quantity?: number | ... 1 more ... | undefined; product?: ObjectId | ... 1 more ... | undefined; selectedSize?: { ...; } | ... 1 more ... | und...'.
app/api/admin/analytics/route.ts(576,34): error TS2339: Property 'totalAmount' does not exist on type 'Schema<any, Model<any, any, any, any, any, any, any>, {}, {}, {}, {}, { timestamps: true; }, { orderNumber: string; items: DocumentArray<{ price?: number | null | undefined; quantity?: number | ... 1 more ... | undefined; product?: ObjectId | ... 1 more ... | undefined; selectedSize?: { ...; } | ... 1 more ... | und...'.
app/api/admin/analytics/route.ts(582,34): error TS2339: Property 'paymentStatus' does not exist on type 'Schema<any, Model<any, any, any, any, any, any, any>, {}, {}, {}, {}, { timestamps: true; }, { orderNumber: string; items: DocumentArray<{ price?: number | null | undefined; quantity?: number | ... 1 more ... | undefined; product?: ObjectId | ... 1 more ... | undefined; selectedSize?: { ...; } | ... 1 more ... | und...'.
app/api/admin/analytics/route.ts(583,26): error TS2339: Property 'paymentStatus' does not exist on type 'Schema<any, Model<any, any, any, any, any, any, any>, {}, {}, {}, {}, { timestamps: true; }, { orderNumber: string; items: DocumentArray<{ price?: number | null | undefined; quantity?: number | ... 1 more ... | undefined; product?: ObjectId | ... 1 more ... | undefined; selectedSize?: { ...; } | ... 1 more ... | und...'.
app/api/admin/analytics/route.ts(583,64): error TS2339: Property 'totalAmount' does not exist on type 'Schema<any, Model<any, any, any, any, any, any, any>, {}, {}, {}, {}, { timestamps: true; }, { orderNumber: string; items: DocumentArray<{ price?: number | null | undefined; quantity?: number | ... 1 more ... | undefined; product?: ObjectId | ... 1 more ... | undefined; selectedSize?: { ...; } | ... 1 more ... | und...'.
app/api/admin/analytics/route.ts(584,30): error TS2339: Property 'totalAmount' does not exist on type 'Schema<any, Model<any, any, any, any, any, any, any>, {}, {}, {}, {}, { timestamps: true; }, { orderNumber: string; items: DocumentArray<{ price?: number | null | undefined; quantity?: number | ... 1 more ... | undefined; product?: ObjectId | ... 1 more ... | undefined; selectedSize?: { ...; } | ... 1 more ... | und...'.
app/api/admin/images/delete/route.ts(73,40): error TS2339: Property 'role' does not exist on type '{ name?: string | null | undefined; email?: string | null | undefined; image?: string | null | undefined; }'.
app/api/admin/orders/[id]/ship/route.ts(30,13): error TS2339: Property 'shiprocketOrderId' does not exist on type 'Document<unknown, {}, Schema<any, Model<any, any, any, any, any, any, any>, {}, {}, {}, {}, { timestamps: true; }, { orderNumber: string; items: DocumentArray<{ price?: number | null | undefined; quantity?: number | ... 1 more ... | undefined; product?: ObjectId | ... 1 more ... | undefined; selectedSize?: { ...; } ...'.
app/api/admin/orders/[id]/ship/route.ts(37,22): error TS2339: Property 'shippingAddress' does not exist on type 'Document<unknown, {}, Schema<any, Model<any, any, any, any, any, any, any>, {}, {}, {}, {}, { timestamps: true; }, { orderNumber: string; items: DocumentArray<{ price?: number | null | undefined; quantity?: number | ... 1 more ... | undefined; product?: ObjectId | ... 1 more ... | undefined; selectedSize?: { ...; } ...'.
app/api/admin/orders/[id]/ship/route.ts(40,23): error TS2339: Property 'items' does not exist on type 'Document<unknown, {}, Schema<any, Model<any, any, any, any, any, any, any>, {}, {}, {}, {}, { timestamps: true; }, { orderNumber: string; items: DocumentArray<{ price?: number | null | undefined; quantity?: number | ... 1 more ... | undefined; product?: ObjectId | ... 1 more ... | undefined; selectedSize?: { ...; } ...'.
app/api/admin/orders/[id]/ship/route.ts(49,31): error TS2339: Property 'guestName' does not exist on type 'Document<unknown, {}, Schema<any, Model<any, any, any, any, any, any, any>, {}, {}, {}, {}, { timestamps: true; }, { orderNumber: string; items: DocumentArray<{ price?: number | null | undefined; quantity?: number | ... 1 more ... | undefined; product?: ObjectId | ... 1 more ... | undefined; selectedSize?: { ...; } ...'.
app/api/admin/orders/[id]/ship/route.ts(50,33): error TS2339: Property 'guestPhone' does not exist on type 'Document<unknown, {}, Schema<any, Model<any, any, any, any, any, any, any>, {}, {}, {}, {}, { timestamps: true; }, { orderNumber: string; items: DocumentArray<{ price?: number | null | undefined; quantity?: number | ... 1 more ... | undefined; product?: ObjectId | ... 1 more ... | undefined; selectedSize?: { ...; } ...'.
app/api/admin/orders/[id]/ship/route.ts(51,18): error TS2339: Property 'guestEmail' does not exist on type 'Document<unknown, {}, Schema<any, Model<any, any, any, any, any, any, any>, {}, {}, {}, {}, { timestamps: true; }, { orderNumber: string; items: DocumentArray<{ price?: number | null | undefined; quantity?: number | ... 1 more ... | undefined; product?: ObjectId | ... 1 more ... | undefined; selectedSize?: { ...; } ...'.
app/api/admin/orders/[id]/ship/route.ts(62,33): error TS2339: Property 'createdAt' does not exist on type 'Document<unknown, {}, Schema<any, Model<any, any, any, any, any, any, any>, {}, {}, {}, {}, { timestamps: true; }, { orderNumber: string; items: DocumentArray<{ price?: number | null | undefined; quantity?: number | ... 1 more ... | undefined; product?: ObjectId | ... 1 more ... | undefined; selectedSize?: { ...; } ...'.
app/api/admin/orders/[id]/ship/route.ts(66,28): error TS2339: Property 'paymentMethod' does not exist on type 'Document<unknown, {}, Schema<any, Model<any, any, any, any, any, any, any>, {}, {}, {}, {}, { timestamps: true; }, { orderNumber: string; items: DocumentArray<{ price?: number | null | undefined; quantity?: number | ... 1 more ... | undefined; product?: ObjectId | ... 1 more ... | undefined; selectedSize?: { ...; } ...'.
app/api/admin/orders/[id]/ship/route.ts(67,23): error TS2339: Property 'totalAmount' does not exist on type 'Document<unknown, {}, Schema<any, Model<any, any, any, any, any, any, any>, {}, {}, {}, {}, { timestamps: true; }, { orderNumber: string; items: DocumentArray<{ price?: number | null | undefined; quantity?: number | ... 1 more ... | undefined; product?: ObjectId | ... 1 more ... | undefined; selectedSize?: { ...; } ...'.
app/api/admin/orders/[id]/ship/route.ts(69,28): error TS2339: Property 'discountAmount' does not exist on type 'Document<unknown, {}, Schema<any, Model<any, any, any, any, any, any, any>, {}, {}, {}, {}, { timestamps: true; }, { orderNumber: string; items: DocumentArray<{ price?: number | null | undefined; quantity?: number | ... 1 more ... | undefined; product?: ObjectId | ... 1 more ... | undefined; selectedSize?: { ...; } ...'.
app/api/admin/reviews/[id]/reply/route.ts(40,40): error TS2339: Property 'role' does not exist on type '{ name?: string | null | undefined; email?: string | null | undefined; image?: string | null | undefined; }'.
app/api/admin/reviews/[id]/reply/route.ts(71,35): error TS2339: Property 'id' does not exist on type '{ name?: string | null | undefined; email?: string | null | undefined; image?: string | null | undefined; }'.
app/api/admin/reviews/[id]/route.ts(14,22): error TS2339: Property 'role' does not exist on type '{ name?: string | null | undefined; email?: string | null | undefined; image?: string | null | undefined; }'.
app/api/admin/reviews/[id]/route.ts(48,22): error TS2339: Property 'role' does not exist on type '{ name?: string | null | undefined; email?: string | null | undefined; image?: string | null | undefined; }'.
app/api/admin/reviews/route.ts(47,40): error TS2339: Property 'role' does not exist on type '{ name?: string | null | undefined; email?: string | null | undefined; image?: string | null | undefined; }'.
app/api/auth/[...nextauth]/route.ts(117,22): error TS2339: Property 'id' does not exist on type '{ name?: string | null | undefined; email?: string | null | undefined; image?: string | null | undefined; }'.
app/api/auth/[...nextauth]/route.ts(118,22): error TS2339: Property 'role' does not exist on type '{ name?: string | null | undefined; email?: string | null | undefined; image?: string | null | undefined; }'.
app/api/companies/[id]/carousel/[imageId]/route.ts(16,40): error TS2339: Property 'role' does not exist on type '{ name?: string | null | undefined; email?: string | null | undefined; image?: string | null | undefined; }'.
app/api/companies/[id]/carousel/route.ts(17,40): error TS2339: Property 'role' does not exist on type '{ name?: string | null | undefined; email?: string | null | undefined; image?: string | null | undefined; }'.
app/api/companies/[id]/new-arrivals/[productId]/route.ts(18,40): error TS2339: Property 'role' does not exist on type '{ name?: string | null | undefined; email?: string | null | undefined; image?: string | null | undefined; }'.
app/api/companies/[id]/new-arrivals/[productId]/route.ts(100,40): error TS2339: Property 'role' does not exist on type '{ name?: string | null | undefined; email?: string | null | undefined; image?: string | null | undefined; }'.
app/api/companies/[id]/new-arrivals/reorder/route.ts(16,40): error TS2339: Property 'role' does not exist on type '{ name?: string | null | undefined; email?: string | null | undefined; image?: string | null | undefined; }'.
app/api/companies/[id]/new-arrivals/route.ts(92,40): error TS2339: Property 'role' does not exist on type '{ name?: string | null | undefined; email?: string | null | undefined; image?: string | null | undefined; }'.
app/api/companies/[id]/new-arrivals/settings/route.ts(15,40): error TS2339: Property 'role' does not exist on type '{ name?: string | null | undefined; email?: string | null | undefined; image?: string | null | undefined; }'.
app/api/companies/[id]/route.ts(41,40): error TS2339: Property 'role' does not exist on type '{ name?: string | null | undefined; email?: string | null | undefined; image?: string | null | undefined; }'.
app/api/companies/[id]/route.ts(102,40): error TS2339: Property 'role' does not exist on type '{ name?: string | null | undefined; email?: string | null | undefined; image?: string | null | undefined; }'.
app/api/companies/[id]/shop-by-concern/[itemId]/route.ts(25,40): error TS2339: Property 'role' does not exist on type '{ name?: string | null | undefined; email?: string | null | undefined; image?: string | null | undefined; }'.
app/api/companies/[id]/shop-by-concern/[itemId]/route.ts(118,40): error TS2339: Property 'role' does not exist on type '{ name?: string | null | undefined; email?: string | null | undefined; image?: string | null | undefined; }'.
app/api/companies/[id]/shop-by-concern/reorder/route.ts(17,40): error TS2339: Property 'role' does not exist on type '{ name?: string | null | undefined; email?: string | null | undefined; image?: string | null | undefined; }'.
app/api/companies/[id]/shop-by-concern/route.ts(61,13): error TS7006: Parameter 'item' implicitly has an 'any' type.
app/api/companies/[id]/shop-by-concern/route.ts(85,39): error TS7006: Parameter 'item' implicitly has an 'any' type.
app/api/companies/[id]/shop-by-concern/route.ts(123,40): error TS2339: Property 'role' does not exist on type '{ name?: string | null | undefined; email?: string | null | undefined; image?: string | null | undefined; }'.
app/api/companies/[id]/shop-by-concern/settings/route.ts(18,40): error TS2339: Property 'role' does not exist on type '{ name?: string | null | undefined; email?: string | null | undefined; image?: string | null | undefined; }'.
app/api/companies/migrate/route.ts(11,40): error TS2339: Property 'role' does not exist on type '{ name?: string | null | undefined; email?: string | null | undefined; image?: string | null | undefined; }'.
app/api/companies/migrate/route.ts(26,24): error TS2769: No overload matches this call.
  Overload 1 of 2, '(filter: _QueryFilter<Record<string, any>>, update: UpdateWithAggregationPipeline | UpdateQuery<any>, options?: (UpdateOptions & MongooseUpdateQueryOptions<...>) | ... 1 more ... | undefined): Query<...>', gave the following error.
    Object literal may only specify known properties, and 'new' does not exist in type 'UpdateOptions & MongooseUpdateQueryOptions<any>'.
  Overload 2 of 2, '(filter: Query<any, any, {}, unknown, "find", Record<string, never>>, update: UpdateWithAggregationPipeline | UpdateQuery<any>, options?: (UpdateOptions & MongooseUpdateQueryOptions<...>) | ... 1 more ... | undefined): Query<...>', gave the following error.
    Object literal may only specify known properties, and '_id' does not exist in type 'Query<any, any, {}, unknown, "find", Record<string, never>>'.
app/api/companies/reorder/route.ts(11,40): error TS2339: Property 'role' does not exist on type '{ name?: string | null | undefined; email?: string | null | undefined; image?: string | null | undefined; }'.
app/api/companies/reorder/route.ts(35,24): error TS2769: No overload matches this call.
  Overload 1 of 2, '(filter: _QueryFilter<Record<string, any>>, update: UpdateWithAggregationPipeline | UpdateQuery<any>, options?: (UpdateOptions & MongooseUpdateQueryOptions<...>) | ... 1 more ... | undefined): Query<...>', gave the following error.
    Object literal may only specify known properties, and 'new' does not exist in type 'UpdateOptions & MongooseUpdateQueryOptions<any>'.
  Overload 2 of 2, '(filter: Query<any, any, {}, unknown, "find", Record<string, never>>, update: UpdateWithAggregationPipeline | UpdateQuery<any>, options?: (UpdateOptions & MongooseUpdateQueryOptions<...>) | ... 1 more ... | undefined): Query<...>', gave the following error.
    Object literal may only specify known properties, and '_id' does not exist in type 'Query<any, any, {}, unknown, "find", Record<string, never>>'.
app/api/companies/route.ts(33,40): error TS2339: Property 'role' does not exist on type '{ name?: string | null | undefined; email?: string | null | undefined; image?: string | null | undefined; }'.
app/api/email/send/route.ts(34,16): error TS2339: Property 'success' does not exist on type 'boolean'.
app/api/email/send/route.ts(35,67): error TS2339: Property 'messageId' does not exist on type 'boolean'.
app/api/email/send/route.ts(37,48): error TS2339: Property 'error' does not exist on type 'boolean'.
app/api/orders/[id]/route.ts(78,17): error TS2339: Property 'user' does not exist on type 'Document<unknown, {}, Schema<any, Model<any, any, any, any, any, any, any>, {}, {}, {}, {}, { timestamps: true; }, { orderNumber: string; items: DocumentArray<{ price?: number | null | undefined; quantity?: number | ... 1 more ... | undefined; product?: ObjectId | ... 1 more ... | undefined; selectedSize?: { ...; } ...'.
app/api/orders/[id]/route.ts(79,32): error TS2339: Property 'user' does not exist on type 'Document<unknown, {}, Schema<any, Model<any, any, any, any, any, any, any>, {}, {}, {}, {}, { timestamps: true; }, { orderNumber: string; items: DocumentArray<{ price?: number | null | undefined; quantity?: number | ... 1 more ... | undefined; product?: ObjectId | ... 1 more ... | undefined; selectedSize?: { ...; } ...'.
app/api/orders/[id]/route.ts(80,33): error TS2339: Property 'items' does not exist on type 'Document<unknown, {}, Schema<any, Model<any, any, any, any, any, any, any>, {}, {}, {}, {}, { timestamps: true; }, { orderNumber: string; items: DocumentArray<{ price?: number | null | undefined; quantity?: number | ... 1 more ... | undefined; product?: ObjectId | ... 1 more ... | undefined; selectedSize?: { ...; } ...'.
app/api/orders/[id]/route.ts(88,26): error TS2339: Property 'orderNumber' does not exist on type 'Document<unknown, {}, Schema<any, Model<any, any, any, any, any, any, any>, {}, {}, {}, {}, { timestamps: true; }, { orderNumber: string; items: DocumentArray<{ price?: number | null | undefined; quantity?: number | ... 1 more ... | undefined; product?: ObjectId | ... 1 more ... | undefined; selectedSize?: { ...; } ...'.
app/api/orders/[id]/route.ts(90,30): error TS2339: Property 'orderStatus' does not exist on type 'Document<unknown, {}, Schema<any, Model<any, any, any, any, any, any, any>, {}, {}, {}, {}, { timestamps: true; }, { orderNumber: string; items: DocumentArray<{ price?: number | null | undefined; quantity?: number | ... 1 more ... | undefined; product?: ObjectId | ... 1 more ... | undefined; selectedSize?: { ...; } ...'.
app/api/orders/[id]/route.ts(92,32): error TS2339: Property 'paymentStatus' does not exist on type 'Document<unknown, {}, Schema<any, Model<any, any, any, any, any, any, any>, {}, {}, {}, {}, { timestamps: true; }, { orderNumber: string; items: DocumentArray<{ price?: number | null | undefined; quantity?: number | ... 1 more ... | undefined; product?: ObjectId | ... 1 more ... | undefined; selectedSize?: { ...; } ...'.
app/api/orders/[id]/route.ts(93,30): error TS2339: Property 'totalAmount' does not exist on type 'Document<unknown, {}, Schema<any, Model<any, any, any, any, any, any, any>, {}, {}, {}, {}, { timestamps: true; }, { orderNumber: string; items: DocumentArray<{ price?: number | null | undefined; quantity?: number | ... 1 more ... | undefined; product?: ObjectId | ... 1 more ... | undefined; selectedSize?: { ...; } ...'.
app/api/orders/[id]/route.ts(98,52): error TS2339: Property 'orderNumber' does not exist on type 'Document<unknown, {}, Schema<any, Model<any, any, any, any, any, any, any>, {}, {}, {}, {}, { timestamps: true; }, { orderNumber: string; items: DocumentArray<{ price?: number | null | undefined; quantity?: number | ... 1 more ... | undefined; product?: ObjectId | ... 1 more ... | undefined; selectedSize?: { ...; } ...'.
app/api/orders/route.ts(54,7): error TS2769: No overload matches this call.
  Overload 1 of 5, '(docs: { add?: ((obj: { [path: string]: SchemaDefinitionProperty<undefined, any, any>; } | Schema<any, Model<any, any, any, any, any, any, any>, {}, ... 7 more ..., {} & ... 1 more ... & { ...; }> | { ...; }, prefix?: string | undefined) => Schema<...> & { ...; }) | undefined; ... 52 more ...; _id?: ObjectIdQueryTypeCasting | undefined; }[], options?: CreateOptions | undefined): Promise<...>', gave the following error.
    Object literal may only specify known properties, and 'orderNumber' does not exist in type '{ add?: ((obj: { [path: string]: SchemaDefinitionProperty<undefined, any, any>; } | Schema<any, Model<any, any, any, any, any, any, any>, {}, {}, ... 6 more ..., {} & ... 1 more ... & { ...; }> | { ...; }, prefix?: string | undefined) => Schema<...> & { ...; }) | undefined; ... 52 more ...; _id?: ObjectIdQueryTypeCa...'.
  Overload 2 of 5, '(doc: { add?: ((obj: { [path: string]: SchemaDefinitionProperty<undefined, any, any>; } | Schema<any, Model<any, any, any, any, any, any, any>, {}, ... 7 more ..., {} & ... 1 more ... & { ...; }> | { ...; }, prefix?: string | undefined) => Schema<...> & { ...; }) | undefined; ... 52 more ...; _id?: ObjectIdQueryTypeCasting | undefined; }): Promise<...>', gave the following error.
    Object literal may only specify known properties, and 'orderNumber' does not exist in type '{ add?: ((obj: { [path: string]: SchemaDefinitionProperty<undefined, any, any>; } | Schema<any, Model<any, any, any, any, any, any, any>, {}, {}, ... 6 more ..., {} & ... 1 more ... & { ...; }> | { ...; }, prefix?: string | undefined) => Schema<...> & { ...; }) | undefined; ... 52 more ...; _id?: ObjectIdQueryTypeCa...'.
  Overload 3 of 5, '(...docs: { add?: ((obj: { [path: string]: SchemaDefinitionProperty<undefined, any, any>; } | Schema<any, Model<any, any, any, any, any, any, any>, {}, ... 7 more ..., {} & ... 1 more ... & { ...; }> | { ...; }, prefix?: string | undefined) => Schema<...> & { ...; }) | undefined; ... 52 more ...; _id?: ObjectIdQueryTypeCasting | undefined; }[]): Promise<...>', gave the following error.
    Object literal may only specify known properties, and 'orderNumber' does not exist in type '{ add?: ((obj: { [path: string]: SchemaDefinitionProperty<undefined, any, any>; } | Schema<any, Model<any, any, any, any, any, any, any>, {}, {}, ... 6 more ..., {} & ... 1 more ... & { ...; }> | { ...; }, prefix?: string | undefined) => Schema<...> & { ...; }) | undefined; ... 52 more ...; _id?: ObjectIdQueryTypeCa...'.
app/api/orders/route.ts(74,46): error TS2339: Property '_id' does not exist on type 'never'.
app/api/orders/route.ts(76,59): error TS2339: Property '_id' does not exist on type 'never'.
app/api/orders/route.ts(81,44): error TS2339: Property 'items' does not exist on type 'Schema<any, Model<any, any, any, any, any, any, any>, {}, {}, {}, {}, { timestamps: true; }, { orderNumber: string; items: DocumentArray<{ price?: number | null | undefined; quantity?: number | ... 1 more ... | undefined; product?: ObjectId | ... 1 more ... | undefined; selectedSize?: { ...; } | ... 1 more ... | und...'.
app/api/orders/route.ts(88,44): error TS2339: Property 'createdAt' does not exist on type 'never'.
app/api/orders/route.ts(91,28): error TS2339: Property 'orderNumber' does not exist on type 'never'.
app/api/orders/route.ts(94,26): error TS2339: Property 'totalAmount' does not exist on type 'never'.
app/api/orders/route.ts(100,48): error TS2339: Property 'orderNumber' does not exist on type 'never'.
app/api/orders/route.ts(108,28): error TS2339: Property 'orderNumber' does not exist on type 'never'.
app/api/orders/route.ts(110,32): error TS2339: Property 'totalAmount' does not exist on type 'never'.
app/api/orders/route.ts(111,34): error TS2339: Property 'paymentStatus' does not exist on type 'never'.
app/api/orders/route.ts(112,34): error TS2339: Property 'paymentMethod' does not exist on type 'never'.
app/api/orders/route.ts(119,46): error TS2339: Property 'orderNumber' does not exist on type 'never'.
app/api/orders/route.ts(130,24): error TS2339: Property '_id' does not exist on type 'never'.
app/api/orders/route.ts(131,28): error TS2339: Property 'orderNumber' does not exist on type 'never'.
app/api/orders/route.ts(132,23): error TS2339: Property 'totalAmount' does not exist on type 'never'.
app/api/products/[id]/reviews/route.ts(103,25): error TS2339: Property 'id' does not exist on type '{ name?: string | null | undefined; email?: string | null | undefined; image?: string | null | undefined; }'.
app/api/products/[id]/reviews/route.ts(148,33): error TS2339: Property 'id' does not exist on type '{ name?: string | null | undefined; email?: string | null | undefined; image?: string | null | undefined; }'.
app/api/products/[id]/route.ts(80,40): error TS2339: Property 'role' does not exist on type '{ name?: string | null | undefined; email?: string | null | undefined; image?: string | null | undefined; }'.
app/api/products/[id]/route.ts(128,40): error TS2339: Property 'role' does not exist on type '{ name?: string | null | undefined; email?: string | null | undefined; image?: string | null | undefined; }'.
app/api/products/[id]/route.ts(247,40): error TS2339: Property 'role' does not exist on type '{ name?: string | null | undefined; email?: string | null | undefined; image?: string | null | undefined; }'.
app/api/products/route.ts(92,57): error TS2339: Property 'role' does not exist on type '{ name?: string | null | undefined; email?: string | null | undefined; image?: string | null | undefined; }'.
app/api/products/route.ts(95,36): error TS2322: Type 'string | null' is not assignable to type 'string'.
  Type 'null' is not assignable to type 'string'.
app/api/products/route.ts(95,45): error TS2322: Type 'string | null' is not assignable to type 'string'.
  Type 'null' is not assignable to type 'string'.
app/api/products/route.ts(95,63): error TS2322: Type 'number' is not assignable to type 'string'.
app/api/products/route.ts(95,69): error TS2322: Type 'number' is not assignable to type 'string'.
app/api/products/route.ts(95,76): error TS2322: Type 'string | null' is not assignable to type 'string'.
  Type 'null' is not assignable to type 'string'.
app/api/products/route.ts(185,40): error TS2339: Property 'role' does not exist on type '{ name?: string | null | undefined; email?: string | null | undefined; image?: string | null | undefined; }'.
app/api/promos/[id]/route.ts(42,40): error TS2339: Property 'role' does not exist on type '{ name?: string | null | undefined; email?: string | null | undefined; image?: string | null | undefined; }'.
app/api/promos/[id]/route.ts(92,40): error TS2339: Property 'role' does not exist on type '{ name?: string | null | undefined; email?: string | null | undefined; image?: string | null | undefined; }'.
app/api/promos/route.ts(36,21): error TS18048: 'session.user' is possibly 'undefined'.
app/api/promos/route.ts(36,34): error TS2339: Property 'role' does not exist on type '{ name?: string | null | undefined; email?: string | null | undefined; image?: string | null | undefined; }'.
app/api/razorpay/verify-payment/route.ts(83,9): error TS2769: No overload matches this call.
  Overload 1 of 5, '(docs: { add?: ((obj: { [path: string]: SchemaDefinitionProperty<undefined, any, any>; } | Schema<any, Model<any, any, any, any, any, any, any>, {}, ... 7 more ..., {} & ... 1 more ... & { ...; }> | { ...; }, prefix?: string | undefined) => Schema<...> & { ...; }) | undefined; ... 52 more ...; _id?: ObjectIdQueryTypeCasting | undefined; }[], options?: CreateOptions | undefined): Promise<...>', gave the following error.
    Object literal may only specify known properties, and 'orderNumber' does not exist in type '{ add?: ((obj: { [path: string]: SchemaDefinitionProperty<undefined, any, any>; } | Schema<any, Model<any, any, any, any, any, any, any>, {}, {}, ... 6 more ..., {} & ... 1 more ... & { ...; }> | { ...; }, prefix?: string | undefined) => Schema<...> & { ...; }) | undefined; ... 52 more ...; _id?: ObjectIdQueryTypeCa...'.
  Overload 2 of 5, '(doc: { add?: ((obj: { [path: string]: SchemaDefinitionProperty<undefined, any, any>; } | Schema<any, Model<any, any, any, any, any, any, any>, {}, ... 7 more ..., {} & ... 1 more ... & { ...; }> | { ...; }, prefix?: string | undefined) => Schema<...> & { ...; }) | undefined; ... 52 more ...; _id?: ObjectIdQueryTypeCasting | undefined; }): Promise<...>', gave the following error.
    Object literal may only specify known properties, and 'orderNumber' does not exist in type '{ add?: ((obj: { [path: string]: SchemaDefinitionProperty<undefined, any, any>; } | Schema<any, Model<any, any, any, any, any, any, any>, {}, {}, ... 6 more ..., {} & ... 1 more ... & { ...; }> | { ...; }, prefix?: string | undefined) => Schema<...> & { ...; }) | undefined; ... 52 more ...; _id?: ObjectIdQueryTypeCa...'.
  Overload 3 of 5, '(...docs: { add?: ((obj: { [path: string]: SchemaDefinitionProperty<undefined, any, any>; } | Schema<any, Model<any, any, any, any, any, any, any>, {}, ... 7 more ..., {} & ... 1 more ... & { ...; }> | { ...; }, prefix?: string | undefined) => Schema<...> & { ...; }) | undefined; ... 52 more ...; _id?: ObjectIdQueryTypeCasting | undefined; }[]): Promise<...>', gave the following error.
    Object literal may only specify known properties, and 'orderNumber' does not exist in type '{ add?: ((obj: { [path: string]: SchemaDefinitionProperty<undefined, any, any>; } | Schema<any, Model<any, any, any, any, any, any, any>, {}, {}, ... 6 more ..., {} & ... 1 more ... & { ...; }> | { ...; }, prefix?: string | undefined) => Schema<...> & { ...; }) | undefined; ... 52 more ...; _id?: ObjectIdQueryTypeCa...'.
app/api/razorpay/verify-payment/route.ts(99,37): error TS18047: 'order' is possibly 'null'.
app/api/razorpay/verify-payment/route.ts(114,51): error TS18047: 'order' is possibly 'null'.
app/api/razorpay/verify-payment/route.ts(119,42): error TS2339: Property 'items' does not exist on type 'Schema<any, Model<any, any, any, any, any, any, any>, {}, {}, {}, {}, { timestamps: true; }, { orderNumber: string; items: DocumentArray<{ price?: number | null | undefined; quantity?: number | ... 1 more ... | undefined; product?: ObjectId | ... 1 more ... | undefined; selectedSize?: { ...; } | ... 1 more ... | und...'.
app/api/razorpay/verify-payment/route.ts(126,36): error TS18047: 'order' is possibly 'null'.
app/api/razorpay/verify-payment/route.ts(126,42): error TS2339: Property 'createdAt' does not exist on type 'Document<unknown, {}, Schema<any, Model<any, any, any, any, any, any, any>, {}, {}, {}, {}, { timestamps: true; }, { orderNumber: string; items: DocumentArray<{ price?: number | null | undefined; quantity?: number | ... 1 more ... | undefined; product?: ObjectId | ... 1 more ... | undefined; selectedSize?: { ...; } ...'.
app/api/razorpay/verify-payment/route.ts(129,20): error TS18047: 'order' is possibly 'null'.
app/api/razorpay/verify-payment/route.ts(129,26): error TS2339: Property 'orderNumber' does not exist on type 'Document<unknown, {}, Schema<any, Model<any, any, any, any, any, any, any>, {}, {}, {}, {}, { timestamps: true; }, { orderNumber: string; items: DocumentArray<{ price?: number | null | undefined; quantity?: number | ... 1 more ... | undefined; product?: ObjectId | ... 1 more ... | undefined; selectedSize?: { ...; } ...'.
app/api/razorpay/verify-payment/route.ts(132,18): error TS18047: 'order' is possibly 'null'.
app/api/razorpay/verify-payment/route.ts(132,24): error TS2339: Property 'totalAmount' does not exist on type 'Document<unknown, {}, Schema<any, Model<any, any, any, any, any, any, any>, {}, {}, {}, {}, { timestamps: true; }, { orderNumber: string; items: DocumentArray<{ price?: number | null | undefined; quantity?: number | ... 1 more ... | undefined; product?: ObjectId | ... 1 more ... | undefined; selectedSize?: { ...; } ...'.
app/api/razorpay/verify-payment/route.ts(139,44): error TS18047: 'order' is possibly 'null'.
app/api/razorpay/verify-payment/route.ts(139,50): error TS2339: Property 'orderNumber' does not exist on type 'Document<unknown, {}, Schema<any, Model<any, any, any, any, any, any, any>, {}, {}, {}, {}, { timestamps: true; }, { orderNumber: string; items: DocumentArray<{ price?: number | null | undefined; quantity?: number | ... 1 more ... | undefined; product?: ObjectId | ... 1 more ... | undefined; selectedSize?: { ...; } ...'.
app/api/razorpay/verify-payment/route.ts(147,20): error TS18047: 'order' is possibly 'null'.
app/api/razorpay/verify-payment/route.ts(147,26): error TS2339: Property 'orderNumber' does not exist on type 'Document<unknown, {}, Schema<any, Model<any, any, any, any, any, any, any>, {}, {}, {}, {}, { timestamps: true; }, { orderNumber: string; items: DocumentArray<{ price?: number | null | undefined; quantity?: number | ... 1 more ... | undefined; product?: ObjectId | ... 1 more ... | undefined; selectedSize?: { ...; } ...'.
app/api/razorpay/verify-payment/route.ts(149,24): error TS18047: 'order' is possibly 'null'.
app/api/razorpay/verify-payment/route.ts(149,30): error TS2339: Property 'totalAmount' does not exist on type 'Document<unknown, {}, Schema<any, Model<any, any, any, any, any, any, any>, {}, {}, {}, {}, { timestamps: true; }, { orderNumber: string; items: DocumentArray<{ price?: number | null | undefined; quantity?: number | ... 1 more ... | undefined; product?: ObjectId | ... 1 more ... | undefined; selectedSize?: { ...; } ...'.
app/api/razorpay/verify-payment/route.ts(150,26): error TS18047: 'order' is possibly 'null'.
app/api/razorpay/verify-payment/route.ts(150,32): error TS2339: Property 'paymentStatus' does not exist on type 'Document<unknown, {}, Schema<any, Model<any, any, any, any, any, any, any>, {}, {}, {}, {}, { timestamps: true; }, { orderNumber: string; items: DocumentArray<{ price?: number | null | undefined; quantity?: number | ... 1 more ... | undefined; product?: ObjectId | ... 1 more ... | undefined; selectedSize?: { ...; } ...'.
app/api/razorpay/verify-payment/route.ts(151,26): error TS18047: 'order' is possibly 'null'.
app/api/razorpay/verify-payment/route.ts(151,32): error TS2339: Property 'paymentMethod' does not exist on type 'Document<unknown, {}, Schema<any, Model<any, any, any, any, any, any, any>, {}, {}, {}, {}, { timestamps: true; }, { orderNumber: string; items: DocumentArray<{ price?: number | null | undefined; quantity?: number | ... 1 more ... | undefined; product?: ObjectId | ... 1 more ... | undefined; selectedSize?: { ...; } ...'.
app/api/razorpay/verify-payment/route.ts(158,38): error TS18047: 'order' is possibly 'null'.
app/api/razorpay/verify-payment/route.ts(158,44): error TS2339: Property 'orderNumber' does not exist on type 'Document<unknown, {}, Schema<any, Model<any, any, any, any, any, any, any>, {}, {}, {}, {}, { timestamps: true; }, { orderNumber: string; items: DocumentArray<{ price?: number | null | undefined; quantity?: number | ... 1 more ... | undefined; product?: ObjectId | ... 1 more ... | undefined; selectedSize?: { ...; } ...'.
app/api/razorpay/verify-payment/route.ts(168,16): error TS18047: 'order' is possibly 'null'.
app/api/setup/brands/route.ts(67,60): error TS18046: 'error' is of type 'unknown'.
app/api/setup/categories/route.ts(216,63): error TS18046: 'error' is of type 'unknown'.
app/api/setup/products/route.ts(58,57): error TS2339: Property 'slug' does not exist on type 'ObjectId'.
app/api/setup/products/route.ts(93,58): error TS2339: Property 'slug' does not exist on type 'ObjectId'.
app/api/setup/products/route.ts(127,57): error TS2339: Property 'slug' does not exist on type 'ObjectId'.
app/api/setup/products/route.ts(165,59): error TS2339: Property 'slug' does not exist on type 'ObjectId'.
app/api/setup/products/route.ts(195,60): error TS2339: Property 'slug' does not exist on type 'ObjectId'.
app/api/setup/products/route.ts(231,59): error TS2339: Property 'slug' does not exist on type 'ObjectId'.
app/api/setup/products/route.ts(265,62): error TS2339: Property 'slug' does not exist on type 'ObjectId'.
app/api/setup/products/route.ts(301,62): error TS18046: 'error' is of type 'unknown'.
app/api/upload/route.ts(17,40): error TS2339: Property 'role' does not exist on type '{ name?: string | null | undefined; email?: string | null | undefined; image?: string | null | undefined; }'.
app/api/users/[id]/route.ts(15,40): error TS2339: Property 'role' does not exist on type '{ name?: string | null | undefined; email?: string | null | undefined; image?: string | null | undefined; }'.
app/api/users/[id]/route.ts(59,40): error TS2339: Property 'role' does not exist on type '{ name?: string | null | undefined; email?: string | null | undefined; image?: string | null | undefined; }'.
app/api/users/route.ts(12,40): error TS2339: Property 'role' does not exist on type '{ name?: string | null | undefined; email?: string | null | undefined; image?: string | null | undefined; }'.
app/api/webhooks/shipment-updates/route.ts(114,29): error TS2339: Property 'awbCode' does not exist on type 'Document<unknown, {}, Schema<any, Model<any, any, any, any, any, any, any>, {}, {}, {}, {}, { timestamps: true; }, { orderNumber: string; items: DocumentArray<{ price?: number | null | undefined; quantity?: number | ... 1 more ... | undefined; product?: ObjectId | ... 1 more ... | undefined; selectedSize?: { ...; } ...'.
app/api/webhooks/shipment-updates/route.ts(119,43): error TS2339: Property 'courierName' does not exist on type 'Document<unknown, {}, Schema<any, Model<any, any, any, any, any, any, any>, {}, {}, {}, {}, { timestamps: true; }, { orderNumber: string; items: DocumentArray<{ price?: number | null | undefined; quantity?: number | ... 1 more ... | undefined; product?: ObjectId | ... 1 more ... | undefined; selectedSize?: { ...; } ...'.
app/api/wishlist/route.ts(11,49): error TS2339: Property 'id' does not exist on type '{ name?: string | null | undefined; email?: string | null | undefined; image?: string | null | undefined; }'.
app/api/wishlist/route.ts(20,49): error TS2339: Property 'id' does not exist on type '{ name?: string | null | undefined; email?: string | null | undefined; image?: string | null | undefined; }'.
app/concerns/[slug]/page.tsx(710,3): error TS2322: Type '{ id: string; name: string; slug: string; price: number; discountPrice: number | undefined; image: string | undefined; images: string[] | undefined; variantLabel: string | undefined; skinTypes: string[] | undefined; ... 6 more ...; flashSale: { ...; } | ... 1 more ... | undefined; }' is not assignable to type 'IntrinsicAttributes & ProductCardProps'.
  Property 'slug' does not exist on type 'IntrinsicAttributes & ProductCardProps'.
app/ingredients/[slug]/page.tsx(752,17): error TS2322: Type '{ key: string; id: string; name: string; slug: string; price: number; discountPrice: number | undefined; image: string | undefined; images: string[] | undefined; variantLabel: string | undefined; ... 6 more ...; stock: number | undefined; }' is not assignable to type 'IntrinsicAttributes & ProductCardProps'.
  Property 'slug' does not exist on type 'IntrinsicAttributes & ProductCardProps'.
app/order-success/[id]/page.tsx(49,15): error TS2345: Argument of type 'string | null | undefined' is not assignable to parameter of type 'string | undefined'.
  Type 'null' is not assignable to type 'string | undefined'.
app/page.tsx(209,19): error TS2322: Type '({ _id: any; price: number; discountPrice?: number | undefined; } & { flashSale?: FlashSaleInfo | undefined; })[]' is not assignable to type 'Product[]'.
  Type '{ _id: any; price: number; discountPrice?: number | undefined; } & { flashSale?: FlashSaleInfo | undefined; }' is missing the following properties from type 'Product': name, image, company
app/profile/wishlist/page.tsx(139,5): error TS2741: Property 'stock' is missing in type '{ size: string; unit: string; quantity: number; price: number; discountPrice?: number | undefined; }' but required in type 'Size'.
app/shop/[company]/page.tsx(201,20): error TS2322: Type 'CarouselImage[] | undefined' is not assignable to type 'CarouselImage[]'.
  Type 'undefined' is not assignable to type 'CarouselImage[]'.
app/shop/[company]/page.tsx(554,24): error TS2322: Type '{ companyId: string; companySlug: string; }' is not assignable to type 'IntrinsicAttributes'.
  Property 'companyId' does not exist on type 'IntrinsicAttributes'.
app/shop/[company]/product/[id]/page.tsx(472,25): error TS2339: Property 'id' does not exist on type '{ name?: string | null | undefined; email?: string | null | undefined; image?: string | null | undefined; }'.
app/shop/page.tsx(213,16): error TS2322: Type '{ companies: Company[]; filters: { company: string; category: string; concern: string; skinType: string; collection: string; minPrice: number; maxPrice: number; }; setFilter: (key: "collection" | ... 5 more ... | "maxPrice", value: string | number) => void; sortBy: SortOption; setSortBy: Dispatch<...>; clearFilters:...' is not assignable to type 'FilterSidebarProps'.
  Types of property 'setFilter' are incompatible.
    Type '(key: "collection" | "category" | "company" | "concern" | "skinType" | "minPrice" | "maxPrice", value: string | number) => void' is not assignable to type '(key: string, value: string | number) => void'.
      Types of parameters 'key' and 'key' are incompatible.
        Type 'string' is not assignable to type '"collection" | "category" | "company" | "concern" | "skinType" | "minPrice" | "maxPrice"'.
app/shop/page.tsx(235,16): error TS2322: Type '{ companies: Company[]; filters: { company: string; category: string; concern: string; skinType: string; collection: string; minPrice: number; maxPrice: number; }; setFilter: (key: "collection" | ... 5 more ... | "maxPrice", value: string | number) => void; sortBy: SortOption; setSortBy: Dispatch<...>; clearFilters:...' is not assignable to type 'FilterSidebarProps'.
  Types of property 'setFilter' are incompatible.
    Type '(key: "collection" | "category" | "company" | "concern" | "skinType" | "minPrice" | "maxPrice", value: string | number) => void' is not assignable to type '(key: string, value: string | number) => void'.
      Types of parameters 'key' and 'key' are incompatible.
        Type 'string' is not assignable to type '"collection" | "category" | "company" | "concern" | "skinType" | "minPrice" | "maxPrice"'.
components/auth/login-form.tsx(39,22): error TS2339: Property 'role' does not exist on type '{ name?: string | null | undefined; email?: string | null | undefined; image?: string | null | undefined; }'.
components/header.tsx(204,25): error TS2339: Property 'flatMap' does not exist on type '{}'.
components/header.tsx(204,34): error TS7006: Parameter 's' implicitly has an 'any' type.
components/header.tsx(531,34): error TS2339: Property 'role' does not exist on type '{ name?: string | null | undefined; email?: string | null | undefined; image?: string | null | undefined; }'.
components/HomeClient.tsx(44,39): error TS2339: Property 'secondary' does not exist on type '{ readonly primary: "7710076400"; }'.
components/product-card.tsx(129,3): error TS2322: Type 'string | undefined' is not assignable to type 'string'.
  Type 'undefined' is not assignable to type 'string'.
components/product-card.tsx(145,3): error TS2322: Type 'string | undefined' is not assignable to type 'string'.
  Type 'undefined' is not assignable to type 'string'.
components/ui/chart.tsx(109,3): error TS2339: Property 'payload' does not exist on type 'Omit<Props<ValueType, NameType>, PropertiesReadFromContext> & { active?: boolean | undefined; allowEscapeViewBox?: AllowInDimension | undefined; ... 17 more ...; wrapperStyle?: CSSProperties | undefined; } & ClassAttributes<...> & HTMLAttributes<...> & { ...; }'.
components/ui/chart.tsx(114,3): error TS2339: Property 'label' does not exist on type 'Omit<Props<ValueType, NameType>, PropertiesReadFromContext> & { active?: boolean | undefined; allowEscapeViewBox?: AllowInDimension | undefined; ... 17 more ...; wrapperStyle?: CSSProperties | undefined; } & ClassAttributes<...> & HTMLAttributes<...> & { ...; }'.
components/ui/chart.tsx(182,23): error TS7006: Parameter 'item' implicitly has an 'any' type.
components/ui/chart.tsx(182,29): error TS7006: Parameter 'index' implicitly has an 'any' type.
components/ui/chart.tsx(260,39): error TS2344: Type '"verticalAlign" | "payload"' does not satisfy the constraint '"string" | "role" | "id" | "type" | "result" | "end" | "filter" | "fill" | "values" | "name" | "version" | "min" | "max" | "transform" | "cursor" | "style" | "method" | "path" | "unicode" | ... 427 more ... | "onBBoxUpdate"'.
  Type '"payload"' is not assignable to type '"string" | "role" | "id" | "type" | "result" | "end" | "filter" | "fill" | "values" | "name" | "version" | "min" | "max" | "transform" | "cursor" | "style" | "method" | "path" | "unicode" | ... 427 more ... | "onBBoxUpdate"'.
components/ui/chart.tsx(266,17): error TS2339: Property 'length' does not exist on type '{}'.
components/ui/chart.tsx(278,16): error TS2339: Property 'map' does not exist on type '{}'.
components/ui/chart.tsx(278,21): error TS7006: Parameter 'item' implicitly has an 'any' type.
lib/db.ts(16,21): error TS7017: Element implicitly has an 'any' type because type 'typeof globalThis' has no index signature.
lib/db.ts(18,19): error TS7017: Element implicitly has an 'any' type because type 'typeof globalThis' has no index signature.
lib/email.tsx(1,24): error TS7016: Could not find a declaration file for module 'nodemailer'. 'C:/Users/DELL/Downloads/Aryan/Nezal/Nezal/node_modules/nodemailer/lib/nodemailer.js' implicitly has an 'any' type.
  Try `npm i --save-dev @types/nodemailer` if it exists or add a new declaration (.d.ts) file containing `declare module 'nodemailer';`
lib/EmailOtp.ts(1,24): error TS7016: Could not find a declaration file for module 'nodemailer'. 'C:/Users/DELL/Downloads/Aryan/Nezal/Nezal/node_modules/nodemailer/lib/nodemailer.js' implicitly has an 'any' type.
  Try `npm i --save-dev @types/nodemailer` if it exists or add a new declaration (.d.ts) file containing `declare module 'nodemailer';`
lib/facebook-pixel.ts(21,4): error TS2554: Expected 7 arguments, but got 4.
lib/shiprocket.ts(19,13): error TS2339: Property 'shiprocketOrderId' does not exist on type 'Document<unknown, {}, Schema<any, Model<any, any, any, any, any, any, any>, {}, {}, {}, {}, { timestamps: true; }, { orderNumber: string; items: DocumentArray<{ price?: number | null | undefined; quantity?: number | ... 1 more ... | undefined; product?: ObjectId | ... 1 more ... | undefined; selectedSize?: { ...; } ...'.
lib/shiprocket.ts(21,22): error TS2339: Property 'shippingAddress' does not exist on type 'Document<unknown, {}, Schema<any, Model<any, any, any, any, any, any, any>, {}, {}, {}, {}, { timestamps: true; }, { orderNumber: string; items: DocumentArray<{ price?: number | null | undefined; quantity?: number | ... 1 more ... | undefined; product?: ObjectId | ... 1 more ... | undefined; selectedSize?: { ...; } ...'.
lib/shiprocket.ts(22,23): error TS2339: Property 'items' does not exist on type 'Document<unknown, {}, Schema<any, Model<any, any, any, any, any, any, any>, {}, {}, {}, {}, { timestamps: true; }, { orderNumber: string; items: DocumentArray<{ price?: number | null | undefined; quantity?: number | ... 1 more ... | undefined; product?: ObjectId | ... 1 more ... | undefined; selectedSize?: { ...; } ...'.
lib/shiprocket.ts(31,31): error TS2339: Property 'guestName' does not exist on type 'Document<unknown, {}, Schema<any, Model<any, any, any, any, any, any, any>, {}, {}, {}, {}, { timestamps: true; }, { orderNumber: string; items: DocumentArray<{ price?: number | null | undefined; quantity?: number | ... 1 more ... | undefined; product?: ObjectId | ... 1 more ... | undefined; selectedSize?: { ...; } ...'.
lib/shiprocket.ts(32,33): error TS2339: Property 'guestPhone' does not exist on type 'Document<unknown, {}, Schema<any, Model<any, any, any, any, any, any, any>, {}, {}, {}, {}, { timestamps: true; }, { orderNumber: string; items: DocumentArray<{ price?: number | null | undefined; quantity?: number | ... 1 more ... | undefined; product?: ObjectId | ... 1 more ... | undefined; selectedSize?: { ...; } ...'.
lib/shiprocket.ts(33,18): error TS2339: Property 'guestEmail' does not exist on type 'Document<unknown, {}, Schema<any, Model<any, any, any, any, any, any, any>, {}, {}, {}, {}, { timestamps: true; }, { orderNumber: string; items: DocumentArray<{ price?: number | null | undefined; quantity?: number | ... 1 more ... | undefined; product?: ObjectId | ... 1 more ... | undefined; selectedSize?: { ...; } ...'.
lib/shiprocket.ts(44,33): error TS2339: Property 'createdAt' does not exist on type 'Document<unknown, {}, Schema<any, Model<any, any, any, any, any, any, any>, {}, {}, {}, {}, { timestamps: true; }, { orderNumber: string; items: DocumentArray<{ price?: number | null | undefined; quantity?: number | ... 1 more ... | undefined; product?: ObjectId | ... 1 more ... | undefined; selectedSize?: { ...; } ...'.
lib/shiprocket.ts(48,28): error TS2339: Property 'paymentMethod' does not exist on type 'Document<unknown, {}, Schema<any, Model<any, any, any, any, any, any, any>, {}, {}, {}, {}, { timestamps: true; }, { orderNumber: string; items: DocumentArray<{ price?: number | null | undefined; quantity?: number | ... 1 more ... | undefined; product?: ObjectId | ... 1 more ... | undefined; selectedSize?: { ...; } ...'.
lib/shiprocket.ts(49,23): error TS2339: Property 'totalAmount' does not exist on type 'Document<unknown, {}, Schema<any, Model<any, any, any, any, any, any, any>, {}, {}, {}, {}, { timestamps: true; }, { orderNumber: string; items: DocumentArray<{ price?: number | null | undefined; quantity?: number | ... 1 more ... | undefined; product?: ObjectId | ... 1 more ... | undefined; selectedSize?: { ...; } ...'.
lib/shiprocket.ts(51,28): error TS2339: Property 'discountAmount' does not exist on type 'Document<unknown, {}, Schema<any, Model<any, any, any, any, any, any, any>, {}, {}, {}, {}, { timestamps: true; }, { orderNumber: string; items: DocumentArray<{ price?: number | null | undefined; quantity?: number | ... 1 more ... | undefined; product?: ObjectId | ... 1 more ... | undefined; selectedSize?: { ...; } ...'.
